// Jest Snapshot v1, https://goo.gl/fbAQLP

exports[`<Svgs /> correctly renders with custom name 1`] = `
<div>
  <svg
    aria-hidden="true"
    class=""
    data-testid="svg-element"
    focusable="false"
    viewBox="0 0 154 11"
    xmlns="http://www.w3.org/2000/svg"
  >
    <desc>
    </desc>
    <path
      d="M0.98,6.97V9.3H0.2V3.36h2.19c0.65,0,1.16,0.17,1.53,0.5s0.55,0.77,0.55,1.32c0,0.58-0.18,1.02-0.54,1.33C3.56,6.82,3.05,6.97,2.38,6.97C2.38,6.97,0.98,6.97,0.98,6.97z M0.98,6.33h1.41c0.42,0,0.74-0.1,0.96-0.3c0.22-0.2,0.33-0.48,0.33-0.86c0-0.35-0.11-0.64-0.33-0.85C3.12,4.12,2.82,4.01,2.43,4H0.98V6.33z M9.81,6.52c0,0.58-0.1,1.09-0.29,1.52C9.32,8.47,9.05,8.8,8.69,9.03S7.91,9.38,7.43,9.38c-0.47,0-0.88-0.12-1.24-0.34C5.83,8.82,5.55,8.48,5.35,8.05c-0.2-0.42-0.3-0.92-0.31-1.48V6.15c0-0.57,0.1-1.07,0.3-1.51c0.2-0.44,0.48-0.77,0.84-1s0.78-0.35,1.25-0.35c0.48,0,0.9,0.11,1.26,0.34s0.64,0.56,0.84,1s0.29,0.94,0.29,1.52L9.81,6.52L9.81,6.52z M9.03,6.14c0-0.7-0.14-1.24-0.42-1.62C8.33,4.14,7.93,3.95,7.42,3.95c-0.49,0-0.88,0.19-1.17,0.56s-0.43,0.9-0.44,1.57v0.44c0,0.68,0.14,1.22,0.43,1.61c0.29,0.39,0.68,0.58,1.18,0.58c0.51,0,0.9-0.18,1.17-0.55c0.27-0.37,0.42-0.9,0.43-1.58L9.03,6.14L9.03,6.14z M11.95,7.43l0.11,0.78l0.17-0.71l1.17-4.14h0.66l1.15,4.14l0.16,0.72l0.13-0.8l0.92-4.06h0.79L15.77,9.3h-0.71l-1.22-4.33l-0.09-0.45l-0.09,0.45L12.38,9.3h-0.71l-1.44-5.94h0.78L11.95,7.43z M21.52,6.55h-2.57v2.1h2.99V9.3h-3.77V3.36h3.73V4h-2.95v1.91h2.57C21.52,5.91,21.52,6.55,21.52,6.55z M25.17,6.9h-1.39v2.4h-0.79V3.36h1.97c0.67,0,1.18,0.15,1.54,0.46c0.36,0.3,0.54,0.75,0.54,1.33c0,0.37-0.1,0.69-0.3,0.97c-0.2,0.28-0.48,0.48-0.83,0.62l1.39,2.52V9.3h-0.84L25.17,6.9z M23.78,6.26h1.2c0.39,0,0.7-0.1,0.93-0.3c0.23-0.2,0.34-0.47,0.34-0.81c0-0.37-0.11-0.65-0.33-0.85C25.7,4.1,25.39,4,24.97,4h-1.2v2.26C23.77,6.26,23.78,6.26,23.78,6.26z M31.57,6.55H29v2.1h2.99V9.3h-3.77V3.36h3.73V4H29v1.91h2.57C31.57,5.91,31.57,6.55,31.57,6.55z M33.05,9.3V3.36h1.68c0.52,0,0.97,0.11,1.37,0.34c0.4,0.23,0.7,0.55,0.92,0.97c0.22,0.42,0.33,0.91,0.33,1.45V6.5c0,0.56-0.11,1.05-0.32,1.47c-0.22,0.42-0.52,0.75-0.93,0.97s-0.87,0.34-1.4,0.35L33.05,9.3L33.05,9.3z M33.83,4v4.66h0.82c0.6,0,1.07-0.19,1.41-0.56c0.34-0.38,0.5-0.91,0.5-1.6V6.14c0-0.67-0.16-1.2-0.48-1.57C35.77,4.2,35.32,4.01,34.74,4H33.83z M40.76,9.3V3.36h1.94c0.64,0,1.13,0.13,1.45,0.4s0.49,0.66,0.49,1.18c0,0.28-0.08,0.52-0.24,0.74s-0.37,0.38-0.64,0.5c0.32,0.09,0.57,0.26,0.76,0.51s0.28,0.55,0.28,0.9c0,0.53-0.17,0.95-0.52,1.26c-0.35,0.3-0.83,0.46-1.46,0.46h-2.06C40.76,9.31,40.76,9.3,40.76,9.3z M41.54,5.89h1.18c0.34,0,0.62-0.09,0.82-0.26c0.21-0.17,0.31-0.4,0.31-0.7c0-0.33-0.1-0.56-0.29-0.71C43.37,4.07,43.08,4,42.69,4h-1.16L41.54,5.89L41.54,5.89z M41.54,6.52v2.14h1.29c0.36,0,0.65-0.09,0.86-0.28s0.32-0.45,0.32-0.78c0-0.71-0.39-1.07-1.17-1.07L41.54,6.52C41.54,6.53,41.54,6.52,41.54,6.52z M47.63,6.34l1.55-2.98h0.89l-2.05,3.72V9.3h-0.78V7.08l-2.05-3.72h0.9L47.63,6.34z"
    />
    <path
      d="M61.1,9.37c-0.18,0.18-0.4,0.27-0.66,0.27s-0.48-0.09-0.66-0.27s-0.27-0.4-0.27-0.66V2.12c0-0.26,0.09-0.48,0.27-0.66s0.4-0.27,0.66-0.27s0.48,0.09,0.66,0.27s0.27,0.4,0.27,0.66v6.59C61.37,8.97,61.28,9.19,61.1,9.37 M84.76,8.71c0,0.26-0.09,0.48-0.27,0.66s-0.4,0.27-0.66,0.27s-0.48-0.09-0.66-0.27s-0.27-0.4-0.27-0.66V4.48c0-0.53-0.03-0.8-0.1-0.8c-0.05,0-0.23,0.17-0.54,0.52l-4.27,4.85c-0.17,0.19-0.38,0.34-0.62,0.44c-0.24,0.1-0.51,0.15-0.79,0.15s-0.55-0.05-0.79-0.15s-0.45-0.24-0.62-0.44L70.91,4.2c-0.3-0.35-0.48-0.52-0.54-0.52s-0.1,0.27-0.1,0.8v4.23c0,0.26-0.09,0.48-0.27,0.66s-0.4,0.27-0.66,0.27s-0.48-0.09-0.66-0.27s-0.27-0.4-0.27-0.66V3.05c0-0.52,0.15-0.96,0.45-1.32c0.3-0.36,0.7-0.54,1.22-0.54c0.31,0,0.59,0.08,0.83,0.23c0.25,0.15,0.47,0.34,0.68,0.56l4.46,5.08c0.06,0.07,0.15,0.13,0.24,0.2c0.1,0.07,0.2,0.11,0.3,0.11c0.11,0,0.21-0.04,0.3-0.11c0.1-0.07,0.18-0.14,0.24-0.2l4.44-5.08h0.02c0.18-0.25,0.4-0.44,0.66-0.58c0.26-0.14,0.54-0.21,0.85-0.21c0.52,0,0.92,0.18,1.22,0.54s0.45,0.8,0.45,1.32L84.76,8.71L84.76,8.71z M102.48,5.42c0,0.49-0.08,0.99-0.24,1.48c-0.16,0.5-0.4,0.95-0.71,1.36c-0.31,0.41-0.68,0.74-1.12,1s-0.94,0.39-1.49,0.39h-8.84c-0.53-0.03-1-0.17-1.42-0.44c-0.41-0.26-0.77-0.6-1.06-1c-0.29-0.4-0.51-0.85-0.67-1.34C86.77,6.38,86.7,5.9,86.7,5.42c0-0.49,0.08-0.98,0.24-1.48c0.16-0.5,0.4-0.95,0.71-1.36s0.69-0.74,1.13-1c0.44-0.26,0.94-0.39,1.49-0.39h8.84c0.53,0.03,1,0.17,1.41,0.44c0.41,0.26,0.77,0.6,1.06,1s0.51,0.85,0.67,1.34C102.4,4.45,102.48,4.94,102.48,5.42 M99.59,7.54c0.29-0.16,0.51-0.36,0.67-0.59c0.16-0.23,0.27-0.49,0.33-0.77c0.06-0.28,0.08-0.53,0.08-0.77c0-0.23-0.03-0.49-0.08-0.77c-0.06-0.28-0.17-0.53-0.33-0.76c-0.16-0.23-0.39-0.43-0.67-0.59s-0.65-0.24-1.08-0.24h-7.83c-0.45,0-0.82,0.08-1.09,0.24c-0.28,0.16-0.5,0.36-0.66,0.59c-0.16,0.23-0.27,0.49-0.33,0.76c-0.06,0.28-0.09,0.53-0.09,0.77c0,0.23,0.03,0.49,0.09,0.77c0.06,0.28,0.17,0.53,0.33,0.77c0.16,0.23,0.38,0.43,0.66,0.59c0.28,0.16,0.64,0.24,1.09,0.24h7.83C98.94,7.78,99.31,7.7,99.59,7.54 M118.86,1.46c0.18,0.18,0.27,0.4,0.27,0.66s-0.09,0.48-0.27,0.66s-0.4,0.27-0.66,0.27h-5.74v5.66c0,0.26-0.09,0.48-0.27,0.66s-0.4,0.27-0.66,0.27s-0.48-0.09-0.66-0.27s-0.27-0.4-0.27-0.66V3.05h-5.81c-0.23-0.03-0.43-0.13-0.6-0.3s-0.25-0.38-0.25-0.63c0-0.26,0.09-0.48,0.27-0.66s0.4-0.27,0.66-0.27h13.34C118.46,1.19,118.68,1.28,118.86,1.46 M136.36,5.42c0,0.49-0.08,0.99-0.24,1.48c-0.16,0.5-0.4,0.95-0.71,1.36c-0.31,0.41-0.68,0.74-1.12,1s-0.94,0.39-1.49,0.39h-8.84c-0.53-0.03-1-0.17-1.42-0.44c-0.41-0.26-0.77-0.6-1.06-1c-0.29-0.4-0.51-0.85-0.67-1.34c-0.16-0.49-0.23-0.97-0.23-1.45c0-0.49,0.08-0.98,0.24-1.48c0.16-0.5,0.39-0.95,0.7-1.36s0.69-0.74,1.13-1c0.44-0.26,0.94-0.39,1.49-0.39h8.84c0.53,0.03,1,0.17,1.42,0.44c0.41,0.26,0.77,0.6,1.06,1s0.51,0.85,0.67,1.34C136.29,4.45,136.36,4.94,136.36,5.42 M133.48,7.54c0.28-0.16,0.51-0.36,0.67-0.59s0.27-0.49,0.33-0.77c0.06-0.28,0.09-0.53,0.09-0.77c0-0.23-0.03-0.49-0.09-0.77s-0.17-0.53-0.33-0.76c-0.16-0.23-0.38-0.43-0.67-0.59s-0.65-0.24-1.09-0.24h-7.83c-0.45,0-0.82,0.08-1.09,0.24c-0.28,0.16-0.5,0.36-0.66,0.59c-0.16,0.23-0.27,0.49-0.33,0.76c-0.06,0.28-0.09,0.53-0.09,0.77c0,0.23,0.03,0.49,0.09,0.77c0.06,0.28,0.17,0.53,0.33,0.77c0.16,0.23,0.38,0.43,0.66,0.59c0.28,0.16,0.64,0.24,1.09,0.24h7.83C132.83,7.78,133.19,7.7,133.48,7.54 M151.83,7.05c0.36,0.25,0.73,0.53,1.1,0.82c0.14,0.1,0.27,0.22,0.37,0.36c0.11,0.14,0.16,0.29,0.16,0.48c0,0.26-0.09,0.48-0.27,0.66c-0.18,0.18-0.4,0.27-0.66,0.27c-0.22,0-0.44-0.09-0.66-0.27c-0.53-0.39-1.07-0.76-1.63-1.12c-0.56-0.36-1.13-0.69-1.74-0.97c-0.6-0.28-1.22-0.51-1.87-0.68c-0.64-0.17-1.32-0.25-2.02-0.25h-3.86c-0.17,0.03-0.31,0.1-0.43,0.23s-0.17,0.29-0.17,0.48v1.65c0,0.26-0.09,0.48-0.28,0.66s-0.4,0.27-0.65,0.27c-0.26,0-0.48-0.09-0.66-0.27c-0.18-0.18-0.27-0.4-0.27-0.66V6.85c0-0.32,0.06-0.63,0.18-0.92c0.12-0.29,0.29-0.54,0.49-0.76c0.21-0.21,0.45-0.38,0.74-0.5c0.28-0.12,0.59-0.19,0.93-0.19h10.27c0.2,0,0.36-0.07,0.51-0.2c0.15-0.14,0.22-0.31,0.22-0.52c0-0.19-0.07-0.36-0.22-0.5s-0.32-0.21-0.51-0.21h-11.69c-0.26,0-0.48-0.09-0.66-0.27c-0.18-0.18-0.27-0.4-0.27-0.66s0.09-0.48,0.27-0.66c0.18-0.18,0.4-0.27,0.66-0.27h11.61c0.36,0,0.7,0.07,1.02,0.2c0.32,0.14,0.59,0.32,0.84,0.55c0.24,0.23,0.43,0.5,0.56,0.81c0.14,0.31,0.2,0.65,0.2,1.01c0,0.36-0.07,0.7-0.2,1.01c-0.13,0.31-0.32,0.58-0.56,0.81c-0.24,0.23-0.52,0.42-0.84,0.55c-0.32,0.14-0.65,0.2-1.02,0.2h-0.08C151.12,6.57,151.47,6.8,151.83,7.05 M67.12,5.21c0,0.52-0.42,0.95-0.95,0.95h-2.53c-0.52,0-0.95-0.42-0.95-0.95c0-0.52,0.42-0.95,0.95-0.95h2.53C66.7,4.27,67.12,4.69,67.12,5.21"
    />
  </svg>
</div>
`;

exports[`<Svgs /> correctly renders with custom props 1`] = `
<div>
  <svg
    aria-hidden="true"
    class="testClassName"
    data-testid="svg-element"
    focusable="false"
    viewBox="0 0 50 50"
    xmlns="http://www.w3.org/2000/svg"
  >
    <desc>
      icon of Steering Wheel
    </desc>
    <path
      custom-prop="mock-custom-prop"
      d="M25.61,4.39C22.68,1.47,19.16,0,15,0C10.84,0,7.32,1.47,4.39,4.39C1.47,7.32,0,10.84,0,15c0,4.16,1.47,7.68,4.39,10.61C7.32,28.54,10.84,30,15,30c4.16,0,7.68-1.46,10.61-4.39S30,19.16,30,15C30,10.84,28.54,7.32,25.61,4.39L25.61,4.39z M26.84,15c0,1.99-0.47,3.87-1.35,5.57l-5.98-3.87c0.18-0.53,0.29-1.11,0.29-1.7c0-2.29-1.58-4.16-3.75-4.69V3.16c3.05,0.29,5.62,1.52,7.68,3.81C25.78,9.26,26.84,11.89,26.84,15L26.84,15z M13.95,3.16v7.15c-2.17,0.53-3.75,2.4-3.75,4.69c0,0.59,0.12,1.17,0.29,1.7l-5.98,3.87c-0.94-1.7-1.41-3.57-1.41-5.57c0-3.11,1.05-5.74,3.11-8.03C8.32,4.69,10.9,3.46,13.95,3.16L13.95,3.16z M5.68,22.38l5.98-3.93c1.87,1.82,4.8,1.82,6.68,0l5.98,3.93C20.04,28.3,9.84,28.3,5.68,22.38z"
    />
  </svg>
</div>
`;

exports[`<Svgs /> correctly renders with default props 1`] = `
<div>
  <svg
    aria-hidden="true"
    class=""
    data-testid="svg-element"
    focusable="false"
    viewBox="0 0 30 30"
    xmlns="http://www.w3.org/2000/svg"
  >
    <desc>
      icon of Steering Wheel
    </desc>
    <path
      d="M25.61,4.39C22.68,1.47,19.16,0,15,0C10.84,0,7.32,1.47,4.39,4.39C1.47,7.32,0,10.84,0,15c0,4.16,1.47,7.68,4.39,10.61C7.32,28.54,10.84,30,15,30c4.16,0,7.68-1.46,10.61-4.39S30,19.16,30,15C30,10.84,28.54,7.32,25.61,4.39L25.61,4.39z M26.84,15c0,1.99-0.47,3.87-1.35,5.57l-5.98-3.87c0.18-0.53,0.29-1.11,0.29-1.7c0-2.29-1.58-4.16-3.75-4.69V3.16c3.05,0.29,5.62,1.52,7.68,3.81C25.78,9.26,26.84,11.89,26.84,15L26.84,15z M13.95,3.16v7.15c-2.17,0.53-3.75,2.4-3.75,4.69c0,0.59,0.12,1.17,0.29,1.7l-5.98,3.87c-0.94-1.7-1.41-3.57-1.41-5.57c0-3.11,1.05-5.74,3.11-8.03C8.32,4.69,10.9,3.46,13.95,3.16L13.95,3.16z M5.68,22.38l5.98-3.93c1.87,1.82,4.8,1.82,6.68,0l5.98,3.93C20.04,28.3,9.84,28.3,5.68,22.38z"
    />
  </svg>
</div>
`;
